     1                                  ; program.asm
     2                                  ; Compile with nasm to build program.bin for cpu_client
     3                                  ; nasm program.asm -o program.bin
     4                                  cpu	386
     5                                  org	0h
     6                                  
     7                                  start:
     8 00000000 0F21F8                      mov   eax, dr7
     9 00000003 660D00400000                or    eax, 000004000h
    10 00000009 0F23F8                      mov   dr7, eax
    11 0000000C 90                          nop
    12 0000000D 90                          nop
    13 0000000E 90                          nop
    14 0000000F 90                          nop
    15 00000010 90                          nop
    16 00000011 90                          nop
    17 00000012 90                          nop
    18 00000013 90                          nop
    19 00000014 90                          nop
    20 00000015 90                          nop
    21                                  
    22 00000016 F4                          hlt
    23                                  
    24                                  
